c:\users\王晨扬\desktop\libcoro-master\libcoro-master\debug\libcoro.pdb
c:\users\王晨扬\desktop\libcoro-master\libcoro-master\debug\libcoro.idb
c:\users\王晨扬\desktop\libcoro-master\libcoro-master\libcoro\debug\common.obj
c:\users\王晨扬\desktop\libcoro-master\libcoro-master\libcoro\debug\coroutine.obj
c:\users\王晨扬\desktop\libcoro-master\libcoro-master\libcoro\debug\error.obj
c:\users\王晨扬\desktop\libcoro-master\libcoro-master\libcoro\debug\event.obj
c:\users\王晨扬\desktop\libcoro-master\libcoro-master\libcoro\debug\hub.obj
c:\users\王晨扬\desktop\libcoro-master\libcoro-master\libcoro\debug\selector.obj
c:\users\王晨扬\desktop\libcoro-master\libcoro-master\libcoro\debug\socket.obj
c:\users\王晨扬\desktop\libcoro-master\libcoro-master\libcoro\debug\time.obj
c:\users\王晨扬\desktop\libcoro-master\libcoro-master\debug\libcoro.lib
c:\users\王晨扬\desktop\libcoro-master\libcoro-master\libcoro\debug\coroutine.intel32.obj
c:\users\王晨扬\desktop\libcoro-master - 副本 (2)\libcoro-master\libcoro\debug\common.obj
c:\users\王晨扬\desktop\libcoro-master - 副本 (2)\libcoro-master\libcoro\debug\coroutine.intel32.obj
c:\users\王晨扬\desktop\libcoro-master - 副本 (2)\libcoro-master\libcoro\debug\coroutine.obj
c:\users\王晨扬\desktop\libcoro-master - 副本 (2)\libcoro-master\libcoro\debug\error.obj
c:\users\王晨扬\desktop\libcoro-master - 副本 (2)\libcoro-master\libcoro\debug\event.obj
c:\users\王晨扬\desktop\libcoro-master - 副本 (2)\libcoro-master\libcoro\debug\hub.obj
c:\users\王晨扬\desktop\libcoro-master - 副本 (2)\libcoro-master\libcoro\debug\selector.obj
c:\users\王晨扬\desktop\libcoro-master - 副本 (2)\libcoro-master\libcoro\debug\socket.obj
c:\users\王晨扬\desktop\libcoro-master - 副本 (2)\libcoro-master\libcoro\debug\time.obj
c:\users\王晨扬\desktop\libcoro-master - 副本 (2)\libcoro-master\debug\libcoro.pdb
c:\users\王晨扬\desktop\libcoro-master - 副本 (2)\libcoro-master\debug\libcoro.lib
c:\users\王晨扬\desktop\libcoro-master - 副本 (2)\libcoro-master\libcoro\debug\libcoro.tlog\cl.command.1.tlog
c:\users\王晨扬\desktop\libcoro-master - 副本 (2)\libcoro-master\libcoro\debug\libcoro.tlog\cl.items.tlog
c:\users\王晨扬\desktop\libcoro-master - 副本 (2)\libcoro-master\libcoro\debug\libcoro.tlog\cl.read.1.tlog
c:\users\王晨扬\desktop\libcoro-master - 副本 (2)\libcoro-master\libcoro\debug\libcoro.tlog\cl.write.1.tlog
c:\users\王晨扬\desktop\libcoro-master - 副本 (2)\libcoro-master\libcoro\debug\libcoro.tlog\lib-link.write.1.tlog
c:\users\王晨扬\desktop\libcoro-master - 副本 (2)\libcoro-master\libcoro\debug\libcoro.tlog\lib.command.1.tlog
c:\users\王晨扬\desktop\libcoro-master - 副本 (2)\libcoro-master\libcoro\debug\libcoro.tlog\lib.read.1.tlog
c:\users\王晨扬\desktop\libcoro-master - 副本 (2)\libcoro-master\libcoro\debug\libcoro.tlog\masm.read.1u.tlog
c:\users\王晨扬\desktop\libcoro-master - 副本 (2)\libcoro-master\libcoro\debug\libcoro.tlog\masm.write.1u.tlog
